{
    "import": {
        "infoSpace": {
            "docMetadata": 304,
            "docProjectReference": 12,
            "project": 20,
            "person": 409,
            "docDedupDocReference": 22,
            "organization": 39,
            "projectOrganizationReference": 3
        }
    },
    "processing": {
        "documentClassification": {
            "docs": 20,
            "docClassReferences": {
                "arxiv": 10,
                "wos": 0,
                "ddc": 0,
                "meshEuroPmc": 3,
                "acm": 21
            },
            "duration": {
                "milliseconds": 1482231,
                "humanReadable": "0h 24m 42s"
            }
        },
        "citationMatching": {
            "duration": {
                "milliseconds": 22336000,
                "humanReadable": "6h 12m 16s"
            }
        },
        "documentSimilarity": {
            "duration": {
                "milliseconds": 399030,
                "humanReadable": "0h 06m 39s"
            }
        },
        "affiliationMatching": {
            "duration": {
                "milliseconds": 100332824,
                "humanReadable": "27h 52m 12s"
            }
        }
    }
}