{
    "documentId":"50|doi_dedup___::feb6ca890a59457f928bbc09063795b9",
    "organizationId":"20|openorgs____::b84450f9864182c67b8611b5593f4250",
    "matchStrength":0.9999607
}