{"key": "processing.docOrgMatching.docOrgReferences.affiliationBased", "type":"COUNTER", "value": "1"}
{"key": "processing.docOrgMatching.docs.affiliationBased", "type":"COUNTER", "value": "1"}