{
    "documentId":"ABC",
    "position":1,
    "organizationName":"uniwersytet warszawski",
    "countryName":"poland",
    "countryCode":"pl"
}
{
    "documentId":"ABC",
    "position":3,
    "organizationName":"mit",
    "countryName":"",
    "countryCode":""
}
{
    "documentId":"20002AX",
    "position":1,
    "organizationName":"uniwersytet warszawski",
    "countryName":"poland",
    "countryCode":"pl"
}
{
    "documentId":"20002AX",
    "position":2,
    "organizationName":"politechnika wroclawska",
    "countryName":"",
    "countryCode":""
}