{
    "documentId":"ABC",
    "organizationId":"20|UW",
    "matchStrength":0.9677419
}
{
    "documentId":"20002AX",
    "organizationId":"20|UW",
    "matchStrength":0.9677419
}
{
    "documentId":"DOC_3",
    "organizationId":"20|UCB",
    "matchStrength":0.34963578
}
{
    "documentId":"DOC_3",
    "organizationId":"20|ICMUW",
    "matchStrength":0.4516129
}