{
    "documentId":"ABC",
    "position":1,
    "organizationId":"20|UW",
    "matchStrength":0.9677419
}
{
    "documentId":"20002AX",
    "position":1,
    "organizationId":"20|UW",
    "matchStrength":0.9677419
}
