{"key": "processing.affiliationMatching.docOrgReference", "type":"COUNTER", "value": "7"}
{"key": "processing.affiliationMatching.doc", "type":"COUNTER", "value": "5"}