{"key": "processing.docOrgMatching.docOrgReferences.projectBased", "type":"COUNTER", "value": "4"}
{"key": "processing.docOrgMatching.docs.projectBased", "type":"COUNTER", "value": "3"}