{
  "documentId": "Across Browsers SVG Implementation",
  "classes": {
    "arXivClasses": null,
    "WoSClasses": null,
    "DDCClasses": null,
    "meshEuroPMCClasses": null,
    "ACMClasses": [
      {
        "classLabels": [
          "ComputingMethodologies_DOCUMENTANDTEXTPROCESSING"
        ],
        "confidenceLevel": 0.99
      }
    ]
  }
}