{"key":"processing.documentClassification.docs", "type":"COUNTER", "value": "20"}
{"key":"processing.documentClassification.classes.arxiv", "type":"COUNTER", "value": "10"}
{"key":"processing.documentClassification.classes.wos", "type":"COUNTER", "value": "0"}
{"key":"processing.documentClassification.classes.ddc", "type":"COUNTER", "value": "0"}
{"key":"processing.documentClassification.classes.meshEuroPmc", "type":"COUNTER", "value": "3"}
{"key":"processing.documentClassification.classes.acm", "type":"COUNTER", "value": "21"}