{"key":"union.report.key", "type":"COUNTER", "value": "5"}