{"originalId": "A_ORIGINAL_ID_1", "newId": "NEW_ID_1"}
{"originalId": "A_ORIGINAL_ID_2", "newId": "NEW_ID_2"}
{"originalId": "A_ORIGINAL_ID_3", "newId": "NEW_ID_3"}
{"originalId": "B_ORIGINAL_ID_1", "newId": "NEW_ID_1"}
{"originalId": "B_ORIGINAL_ID_2", "newId": "NEW_ID_2"}