{"key": "processing.citationMatching.direct.duration", "type":"DURATION", "value": "$(LONG_RANGE:[500, 180000])"}