{"key": "processing.citationMatching.direct.citDocReferences", "type":"COUNTER", "value": "1"}
{"key": "processing.citationMatching.direct.docs", "type":"COUNTER", "value": "1"}