{"key": "export.matchedCitations.direct.total", "value": "4"}
{"key": "export.matchedCitations.direct.docsWithAtLeastOneMatch", "value": "2"}