{"documentId":"50|dedup_wf_001::55b38cca37bdd8f48d419ac933cadf18", "affiliationPosition":1, "organizationId":"20|dedup_wf_001::00f1fa58fa222ff911fc3dd6555f1ce3"}
{"documentId":"50|dedup_wf_001::47e7ee48f4bf45cc9528e7396e72c4cd", "affiliationPosition":1, "organizationId":"20|dedup_wf_001::2c0757dd8ca0bf8644d652379e5716fd"}
{"documentId":"50|dedup_wf_001::706eaa3c94d66704de70d0bea0206b02", "affiliationPosition":1, "organizationId":"20|dedup_wf_001::4fd28f99619fe0ac33064de5ec0d3689"}
{"documentId":"50|dedup_wf_001::c7b4be89d7cad0db0edf48063c592ae3", "affiliationPosition":1, "organizationId":"20|dedup_wf_001::92ded2eb898b9d11a19ad230c3c3cb8b"}
{"documentId":"50|dedup_wf_001::c7b4be89d7cad0db0edf48063c592ae3", "affiliationPosition":2, "organizationId":"20|dedup_wf_001::92ded2eb898b9d11a19ad230c3c3cb8b"}
{"documentId":"50|dedup_wf_001::c7b4be89d7cad0db0edf48063c592ae3", "affiliationPosition":3, "organizationId":"20|dedup_wf_001::92ded2eb898b9d11a19ad230c3c3cb8b"}
{"documentId":"50|dedup_wf_001::c7b4be89d7cad0db0edf48063c592ae3", "affiliationPosition":5, "organizationId":"20|dedup_wf_001::58da785cfdcfb0dc86631286733d97dd"}
{"documentId":"50|dedup_wf_001::c7b4be89d7cad0db0edf48063c592ae3", "affiliationPosition":6, "organizationId":"20|dedup_wf_001::f2323f9ed70f0f3a93fdfbb92f715e0e"}
{"documentId":"50|dedup_wf_001::c7b4be89d7cad0db0edf48063c592ae3", "affiliationPosition":9, "organizationId":"20|dedup_wf_001::92ded2eb898b9d11a19ad230c3c3cb8b"}
{"documentId":"50|dedup_wf_001::b5c0d7bb319d3f8bdc1c15338d60d69d", "affiliationPosition":2, "organizationId":"20|dedup_wf_001::eeb555edd9e39a84a016fd365ea25ed8"}
{"documentId":"50|dedup_wf_001::38533019a6a435e2d1ca9d795a0ace1d", "affiliationPosition":4, "organizationId":"20|dedup_wf_001::2eb18194c6387f3cc01c50599e8ebb71"}
{"documentId":"50|dedup_wf_001::6ce82948fedbd9d58097af791f029565", "affiliationPosition":1, "organizationId":"20|dedup_wf_001::182ec967680e19a590f1de90b0216d72"}
{"documentId":"50|dedup_wf_001::5bee60f0e9694683dc46a58bd86a7df9", "affiliationPosition":1, "organizationId":"20|corda_______::94aba77965ffb689310211c9d896a60f"}
{"documentId":"50|dedup_wf_001::49b9ab822225164ca537f36082732b09", "affiliationPosition":1, "organizationId":"20|dedup_wf_001::174b4a309d3cff7a3c9de3d1b423c1ec"}
{"documentId":"50|dedup_wf_001::e4916b7bd23644e863b1e0e015c0f66e", "affiliationPosition":1, "organizationId":"20|dedup_wf_001::8a76135e481c45a36dcbc4837e53bf86"}
{"documentId":"50|dedup_wf_001::a8fcfa9bf3d689289ebc045ef11441ca", "affiliationPosition":5, "organizationId":"20|dedup_wf_001::e0c7ecad01fc35af22931dddd8032ea3"}
{"documentId":"50|dedup_wf_001::a8fcfa9bf3d689289ebc045ef11441ca", "affiliationPosition":6, "organizationId":"20|dedup_wf_001::acc162b68af30af2e978b8fb76aeb979"}
{"documentId":"50|dedup_wf_001::a8fcfa9bf3d689289ebc045ef11441ca", "affiliationPosition":7, "organizationId":"20|dedup_wf_001::acc162b68af30af2e978b8fb76aeb979"}
{"documentId":"50|dedup_wf_001::89ae151bbced65f7e048554132cba737", "affiliationPosition":2, "organizationId":"20|dedup_wf_001::249978814dae19554f165123e0820319"}
{"documentId":"50|dedup_wf_001::7c7ccf5183f0959e9af55d24b7f5cdc1", "affiliationPosition":2, "organizationId":"20|dedup_wf_001::342c3441eedcbfed2544ec418c70085a"}
{"documentId":"50|dedup_wf_001::7c7ccf5183f0959e9af55d24b7f5cdc1", "affiliationPosition":3, "organizationId":"20|dedup_wf_001::342c3441eedcbfed2544ec418c70085a"}
{"documentId":"50|dedup_wf_001::7c7ccf5183f0959e9af55d24b7f5cdc1", "affiliationPosition":4, "organizationId":"20|dedup_wf_001::342c3441eedcbfed2544ec418c70085a"}
{"documentId":"50|dedup_wf_001::7c7ccf5183f0959e9af55d24b7f5cdc1", "affiliationPosition":6, "organizationId":"20|dedup_wf_001::342c3441eedcbfed2544ec418c70085a"}
{"documentId":"50|dedup_wf_001::fb631ab632affb8e50fcb65201c44495", "affiliationPosition":1, "organizationId":"20|corda_______::00955d8f75c2e122d40cae5170840cdb"}
{"documentId":"50|dedup_wf_001::fb631ab632affb8e50fcb65201c44495", "affiliationPosition":2, "organizationId":"20|corda_______::00955d8f75c2e122d40cae5170840cdb"}
{"documentId":"50|dedup_wf_001::fb631ab632affb8e50fcb65201c44495", "affiliationPosition":3, "organizationId":"20|corda_______::00955d8f75c2e122d40cae5170840cdb"}
{"documentId":"50|dedup_wf_001::fb631ab632affb8e50fcb65201c44495", "affiliationPosition":4, "organizationId":"20|dedup_wf_001::134338c852cb588939325faacd01bc3e"}
{"documentId":"50|dedup_wf_001::fb631ab632affb8e50fcb65201c44495", "affiliationPosition":7, "organizationId":"20|corda_______::00955d8f75c2e122d40cae5170840cdb"}
{"documentId":"50|dedup_wf_001::fb631ab632affb8e50fcb65201c44495", "affiliationPosition":8, "organizationId":"20|corda_______::00955d8f75c2e122d40cae5170840cdb"}
{"documentId":"50|dedup_wf_001::fb631ab632affb8e50fcb65201c44495", "affiliationPosition":9, "organizationId":"20|corda_______::00955d8f75c2e122d40cae5170840cdb"}
{"documentId":"50|dedup_wf_001::fb631ab632affb8e50fcb65201c44495", "affiliationPosition":10, "organizationId":"20|dedup_wf_001::134338c852cb588939325faacd01bc3e"}
{"documentId":"50|dedup_wf_001::fb631ab632affb8e50fcb65201c44495", "affiliationPosition":12, "organizationId":"20|corda_______::00955d8f75c2e122d40cae5170840cdb"}
{"documentId":"50|dedup_wf_001::6dbc6e6232a7d8f1d101e3da2717d8a4", "affiliationPosition":4, "organizationId":"20|dedup_wf_001::2c0757dd8ca0bf8644d652379e5716fd"}
{"documentId":"50|dedup_wf_001::7b9dded201cfdd3ee11d935ba3679b37", "affiliationPosition":1, "organizationId":"20|dedup_wf_001::4412f18c315a3cd35f0b6d16219266ff"}
{"documentId":"50|dedup_wf_001::dd2c1c62331bb6f37ea638922e83bfc7", "affiliationPosition":1, "organizationId":"20|dedup_wf_001::42e9b9b37b21cc2700b0b85a386a0bc0"}
{"documentId":"50|dedup_wf_001::1e87105b3fecd3f9222959c66777b96d", "affiliationPosition":1, "organizationId":"20|dedup_wf_001::2c0757dd8ca0bf8644d652379e5716fd"}
{"documentId":"50|dedup_wf_001::a2620492c785ec709bcf4ea7b4a71cd5", "affiliationPosition":1, "organizationId":"20|dedup_wf_001::43f9a4d50c96ec8eb2fc637a412b81bd"}
{"documentId":"50|dedup_wf_001::a2620492c785ec709bcf4ea7b4a71cd5", "affiliationPosition":3, "organizationId":"20|dedup_wf_001::f6465429eaeac201673a5b2f433b3ee6"}
{"documentId":"50|dedup_wf_001::6e525d08e710c51b4a9a182b5ec27ea6", "affiliationPosition":2, "organizationId":"20|dedup_wf_001::5456b2dc21585b74b2cc54ada9b97834"}
{"documentId":"50|dedup_wf_001::6a7845c9b4d31547a6bb6c0287e35291", "affiliationPosition":2, "organizationId":"20|corda_______::67599d99e73b257b9dd545fcf665bf70"}
{"documentId":"50|dedup_wf_001::6a7845c9b4d31547a6bb6c0287e35291", "affiliationPosition":3, "organizationId":"20|dedup_wf_001::cf276e425754b8d5f602a48f6e63bc0b"}
{"documentId":"50|dedup_wf_001::47612b921d2df4b02086b5290223cfbf", "affiliationPosition":1, "organizationId":"20|dedup_wf_001::5456b2dc21585b74b2cc54ada9b97834"}
{"documentId":"50|dedup_wf_001::0b94749e31f8237508a2de51ee605a47", "affiliationPosition":1, "organizationId":"20|dedup_wf_001::ee1f0ec6c8afef99cd790808ae4edf70"}
{"documentId":"50|dedup_wf_001::eab46bf4a9de3dc670a0d0a3d051d0e8", "affiliationPosition":1, "organizationId":"20|dedup_wf_001::0c796dc11366e852f3d1b86c0ce2e3a6"}
{"documentId":"50|dedup_wf_001::461d3c8399908e96039efb20578d4425", "affiliationPosition":1, "organizationId":"20|dedup_wf_001::e871829af55b6964dabf21ebab6ec230"}
{"documentId":"50|dedup_wf_001::461d3c8399908e96039efb20578d4425", "affiliationPosition":2, "organizationId":"20|dedup_wf_001::e871829af55b6964dabf21ebab6ec230"}
{"documentId":"50|dedup_wf_001::76e511b94e0c50ea7a2bf89892389336", "affiliationPosition":1, "organizationId":"20|dedup_wf_001::03dbbaf5b0b397f047f9bcb347c5d1ca"}
{"documentId":"50|dedup_wf_001::76e511b94e0c50ea7a2bf89892389336", "affiliationPosition":2, "organizationId":"20|dedup_wf_001::2c0757dd8ca0bf8644d652379e5716fd"}
{"documentId":"50|dedup_wf_001::76e511b94e0c50ea7a2bf89892389336", "affiliationPosition":4, "organizationId":"20|dedup_wf_001::f0087eae558f002de439331f66cfdef2"}
{"documentId":"50|dedup_wf_001::bd1bfae0fb1c44997d3bfe4176ae6c4f", "affiliationPosition":1, "organizationId":"20|dedup_wf_001::c4b9b9e91763e0d522206610167ba173"}
{"documentId":"50|dedup_wf_001::c8494fb482cbcd284935d082cabb7c8b", "affiliationPosition":1, "organizationId":"20|dedup_wf_001::5eb3412b03d5653fea3727d910f5e82d"}
{"documentId":"50|dedup_wf_001::8938f1b669a91e23b95f92cf6ff05f9a", "affiliationPosition":2, "organizationId":"20|dedup_wf_001::ead63821cbc8da8f79658288a1cf1751"}
{"documentId":"50|dedup_wf_001::9bb3caa86526ef51557adf7a69243ae5", "affiliationPosition":1, "organizationId":"20|dedup_wf_001::9cbd0dcfe9a0e4ccffb762993b354e2d"}
{"documentId":"50|dedup_wf_001::62db5f3dd0a8e419ed3c39b884d28c42", "affiliationPosition":2, "organizationId":"20|corda_______::b85f14b82fc1c1cb153233b15e73ccd8"}
{"documentId":"50|dedup_wf_001::62db5f3dd0a8e419ed3c39b884d28c42", "affiliationPosition":5, "organizationId":"20|corda_______::75dab956c054516e713f870122f0b24b"}
{"documentId":"50|dedup_wf_001::ea19c99af046122a76374b84e5e97bb6", "affiliationPosition":1, "organizationId":"20|dedup_wf_001::2c0757dd8ca0bf8644d652379e5716fd"}
{"documentId":"50|dedup_wf_001::3e22230a4739584a7503874af58a3eb3", "affiliationPosition":1, "organizationId":"20|corda_______::94aba77965ffb689310211c9d896a60f"}
{"documentId":"50|dedup_wf_001::3e22230a4739584a7503874af58a3eb3", "affiliationPosition":3, "organizationId":"20|dedup_wf_001::66c90ecca0d7487f42c4c6b7b842bd09"}
{"documentId":"50|dedup_wf_001::03f197b3ba4270d7ca7d677f604f3e35", "affiliationPosition":1, "organizationId":"20|dedup_wf_001::71d0d8f0fb10fde2c7bf7f734dd399ed"}
{"documentId":"50|dedup_wf_001::1f661734891e40f16170c84387af5b87", "affiliationPosition":2, "organizationId":"20|dedup_wf_001::f2323f9ed70f0f3a93fdfbb92f715e0e"}
{"documentId":"50|dedup_wf_001::1f661734891e40f16170c84387af5b87", "affiliationPosition":4, "organizationId":"20|dedup_wf_001::b99a11a2a16eb8a8d0ba9e7b27cbb1a3"}
{"documentId":"50|dedup_wf_001::f05d056239ce591b78033a32887e9f1f", "affiliationPosition":1, "organizationId":"20|dedup_wf_001::9047f1638eb86319c47050a923b13b83"}
{"documentId":"50|dedup_wf_001::ec6b1c2961de30874fb274b72fe66ec8", "affiliationPosition":1, "organizationId":"20|dedup_wf_001::4fd25cf0c21ea72c4f5b79d225f853bc"}
{"documentId":"50|dedup_wf_001::f98830c67b0fbc7089af7900f7defeb3", "affiliationPosition":1, "organizationId":"20|corda_______::4665b7d9a4fd01473fb189f65624f918"}
{"documentId":"50|dedup_wf_001::cce6c39826d86efd1a57541b2b2e8e16", "affiliationPosition":1, "organizationId":"20|dedup_wf_001::891676c3f4374ac088baec69c462992b"}
{"documentId":"50|dedup_wf_001::cce6c39826d86efd1a57541b2b2e8e16", "affiliationPosition":2, "organizationId":"20|dedup_wf_001::4d330a3518361a31d902b86446c36cc2"}
{"documentId":"50|dedup_wf_001::0c2b25573e443d68b4118a44504dd35a", "affiliationPosition":1, "organizationId":"20|dedup_wf_001::2c0757dd8ca0bf8644d652379e5716fd"}
{"documentId":"50|dedup_wf_001::cf0203df4b065da44e88b8e565b142f0", "affiliationPosition":2, "organizationId":"20|dedup_wf_001::174b4a309d3cff7a3c9de3d1b423c1ec"}
{"documentId":"50|dedup_wf_001::cf0203df4b065da44e88b8e565b142f0", "affiliationPosition":3, "organizationId":"20|dedup_wf_001::174b4a309d3cff7a3c9de3d1b423c1ec"}
{"documentId":"50|dedup_wf_001::cf0203df4b065da44e88b8e565b142f0", "affiliationPosition":5, "organizationId":"20|dedup_wf_001::174b4a309d3cff7a3c9de3d1b423c1ec"}
{"documentId":"50|dedup_wf_001::62036a5bb8d52913107c581212c4c53e", "affiliationPosition":2, "organizationId":"20|dedup_wf_001::ecc9145a22eaf8ec638ea7299923d37b"}
{"documentId":"50|dedup_wf_001::ddf706e8921cd707ba92e6a078466c7b", "affiliationPosition":2, "organizationId":"20|dedup_wf_001::a51a73bb64a28c390181285008ae8aed"}
{"documentId":"50|dedup_wf_001::34627ddf90dc8811c090bd7923ff4f15", "affiliationPosition":2, "organizationId":"20|dedup_wf_001::a6d5602a15379c64371ffcae887d1ab8"}
{"documentId":"50|dedup_wf_001::34627ddf90dc8811c090bd7923ff4f15", "affiliationPosition":3, "organizationId":"20|dedup_wf_001::3df91b428114b886e8ea5fa8d4b902ff"}
{"documentId":"50|dedup_wf_001::34627ddf90dc8811c090bd7923ff4f15", "affiliationPosition":4, "organizationId":"20|dedup_wf_001::a6d5602a15379c64371ffcae887d1ab8"}
{"documentId":"50|dedup_wf_001::34627ddf90dc8811c090bd7923ff4f15", "affiliationPosition":5, "organizationId":"20|dedup_wf_001::a6d5602a15379c64371ffcae887d1ab8"}
{"documentId":"50|dedup_wf_001::34627ddf90dc8811c090bd7923ff4f15", "affiliationPosition":18, "organizationId":"20|dedup_wf_001::3df91b428114b886e8ea5fa8d4b902ff"}
{"documentId":"50|dedup_wf_001::dd500c043257aff21441940c42d0ee5d", "affiliationPosition":1, "organizationId":"20|dedup_wf_001::2c0757dd8ca0bf8644d652379e5716fd"}
{"documentId":"50|dedup_wf_001::dd500c043257aff21441940c42d0ee5d", "affiliationPosition":2, "organizationId":"20|dedup_wf_001::2c0757dd8ca0bf8644d652379e5716fd"}
{"documentId":"50|dedup_wf_001::e1a3e611c91589b5d73520d3e718633b", "affiliationPosition":4, "organizationId":"20|dedup_wf_001::3df91b428114b886e8ea5fa8d4b902ff"}
{"documentId":"50|dedup_wf_001::e1a3e611c91589b5d73520d3e718633b", "affiliationPosition":4, "organizationId":"20|dedup_wf_001::5178ad2b89aa2592540e20423a004209"}
{"documentId":"50|dedup_wf_001::f32576882050bf996b18d6c969280100", "affiliationPosition":1, "organizationId":"20|dedup_wf_001::2418ce303fbf37c9214fb716d0533b6e"}
{"documentId":"50|dedup_wf_001::f32576882050bf996b18d6c969280100", "affiliationPosition":3, "organizationId":"20|dedup_wf_001::7725919dd42e5c4f7cfb4354f8ed7da2"}
{"documentId":"50|dedup_wf_001::6e4dd03449ef06ba96d26c2e2d30fc79", "affiliationPosition":3, "organizationId":"20|corda_______::adc1411aedb5250992c6f26470ab30b4"}
{"documentId":"50|dedup_wf_001::f70a6bc2e18963e92b9ff5ed18b86b22", "affiliationPosition":1, "organizationId":"20|dedup_wf_001::a6d5602a15379c64371ffcae887d1ab8"}
{"documentId":"50|dedup_wf_001::f70a6bc2e18963e92b9ff5ed18b86b22", "affiliationPosition":2, "organizationId":"20|dedup_wf_001::a6d5602a15379c64371ffcae887d1ab8"}
{"documentId":"50|dedup_wf_001::f70a6bc2e18963e92b9ff5ed18b86b22", "affiliationPosition":4, "organizationId":"20|dedup_wf_001::90d527392c856cca4677b2e7c6bb52dd"}
{"documentId":"50|dedup_wf_001::f70a6bc2e18963e92b9ff5ed18b86b22", "affiliationPosition":5, "organizationId":"20|dedup_wf_001::90d527392c856cca4677b2e7c6bb52dd"}
{"documentId":"50|dedup_wf_001::f70a6bc2e18963e92b9ff5ed18b86b22", "affiliationPosition":7, "organizationId":"20|dedup_wf_001::98ceb289f59d68ccf81152897a4a42b7"}
{"documentId":"50|dedup_wf_001::82a076828147dd75c98dc1f33d44c8ba", "affiliationPosition":3, "organizationId":"20|dedup_wf_001::7b740c27ae6421a980e5a687e3aa3f2b"}
{"documentId":"50|dedup_wf_001::82a076828147dd75c98dc1f33d44c8ba", "affiliationPosition":4, "organizationId":"20|dedup_wf_001::2418ce303fbf37c9214fb716d0533b6e"}
{"documentId":"50|dedup_wf_001::1b29db1073b55257522279d269406d0a", "affiliationPosition":1, "organizationId":"20|dedup_wf_001::732788ddffb8276020c59ee27acb56f9"}
{"documentId":"50|dedup_wf_001::1b29db1073b55257522279d269406d0a", "affiliationPosition":2, "organizationId":"20|dedup_wf_001::fa00e185192bf48d7626055da94b7f56"}
{"documentId":"50|dedup_wf_001::1b29db1073b55257522279d269406d0a", "affiliationPosition":7, "organizationId":"20|dedup_wf_001::034065da5c5b2afff90118ffc4f89294"}
{"documentId":"50|dedup_wf_001::1b29db1073b55257522279d269406d0a", "affiliationPosition":8, "organizationId":"20|dedup_wf_001::cf276e425754b8d5f602a48f6e63bc0b"}
{"documentId":"50|dedup_wf_001::1b29db1073b55257522279d269406d0a", "affiliationPosition":8, "organizationId":"20|dedup_wf_001::cf276e425754b8d5f602a48f6e63bc0b"}
{"documentId":"50|dedup_wf_001::4233b79a6d56ca256240a08dc66aace7", "affiliationPosition":1, "organizationId":"20|dedup_wf_001::8b783f3f66d806549cb508d1817d5ca5"}
{"documentId":"50|dedup_wf_001::0ae0f744e5f0bf9ff7c586ae637126f7", "affiliationPosition":1, "organizationId":"20|dedup_wf_001::25f104b21264e08b316d74806b476b2a"}
{"documentId":"50|dedup_wf_001::7cd2509a358d89720aee09d53a37b58d", "affiliationPosition":1, "organizationId":"20|dedup_wf_001::5456b2dc21585b74b2cc54ada9b97834"}
{"documentId":"50|dedup_wf_001::7cd2509a358d89720aee09d53a37b58d", "affiliationPosition":2, "organizationId":"20|dedup_wf_001::68e9d781b391053e86398acf1011a653"}
{"documentId":"50|dedup_wf_001::7cd2509a358d89720aee09d53a37b58d", "affiliationPosition":3, "organizationId":"20|dedup_wf_001::a84aba997c184d09d629bcda1c0fe877"}
{"documentId":"50|dedup_wf_001::7cd2509a358d89720aee09d53a37b58d", "affiliationPosition":6, "organizationId":"20|corda_______::e5e015227862a30013e9f21225fe8c81"}
{"documentId":"50|dedup_wf_001::7cd2509a358d89720aee09d53a37b58d", "affiliationPosition":7, "organizationId":"20|dedup_wf_001::9dde8d4d8932b37dc192f4a429f3ff98"}
{"documentId":"50|dedup_wf_001::7cd2509a358d89720aee09d53a37b58d", "affiliationPosition":8, "organizationId":"20|corda_______::f5b3314a366d6ed9143324f786caf31b"}
{"documentId":"50|dedup_wf_001::7cd2509a358d89720aee09d53a37b58d", "affiliationPosition":9, "organizationId":"20|dedup_wf_001::a84aba997c184d09d629bcda1c0fe877"}
{"documentId":"50|dedup_wf_001::a84719744235d8ec52f6d9dbd1ef90bc", "affiliationPosition":11, "organizationId":"20|corda_______::94aba77965ffb689310211c9d896a60f"}
{"documentId":"50|dedup_wf_001::a84719744235d8ec52f6d9dbd1ef90bc", "affiliationPosition":13, "organizationId":"20|corda_______::94aba77965ffb689310211c9d896a60f"}
{"documentId":"50|dedup_wf_001::a84719744235d8ec52f6d9dbd1ef90bc", "affiliationPosition":17, "organizationId":"20|corda_______::c3054c783b2799f19fff31e248192903"}
{"documentId":"50|dedup_wf_001::a84719744235d8ec52f6d9dbd1ef90bc", "affiliationPosition":18, "organizationId":"20|dedup_wf_001::3df91b428114b886e8ea5fa8d4b902ff"}
{"documentId":"50|dedup_wf_001::09600eb1c2052949c06682288a3231ca", "affiliationPosition":2, "organizationId":"20|dedup_wf_001::370718c24fbafbaf000d8b6d6087c422"}
{"documentId":"50|dedup_wf_001::4b4c7e79ff51ee6c94f6687ff10aa8fe", "affiliationPosition":1, "organizationId":"20|dedup_wf_001::2c0757dd8ca0bf8644d652379e5716fd"}
{"documentId":"50|dedup_wf_001::e2e82454f1150ca81bb3ca753fdde736", "affiliationPosition":1, "organizationId":"20|dedup_wf_001::286021b6d6a5b1f415a0403443c3c050"}
{"documentId":"50|dedup_wf_001::e2e82454f1150ca81bb3ca753fdde736", "affiliationPosition":3, "organizationId":"20|dedup_wf_001::286021b6d6a5b1f415a0403443c3c050"}
{"documentId":"50|dedup_wf_001::c57f2490dfaaa34bec97a1d31aa43553", "affiliationPosition":1, "organizationId":"20|dedup_wf_001::4fd25cf0c21ea72c4f5b79d225f853bc"}
{"documentId":"50|dedup_wf_001::6a60d99dfe164c9cfd65bfd6b48fb10a", "affiliationPosition":1, "organizationId":"20|dedup_wf_001::669cd0f2d519adc8b0fa3d634a5a7e9c"}
{"documentId":"50|dedup_wf_001::71c5a3dc4185d8abcb449436ac6d929d", "affiliationPosition":1, "organizationId":"20|dedup_wf_001::2d9539f042ef1aebcb09e47d0b6a0679"}
{"documentId":"50|dedup_wf_001::ac47e27264fa5963700364b5195fbcba", "affiliationPosition":1, "organizationId":"20|dedup_wf_001::a6d5602a15379c64371ffcae887d1ab8"}
{"documentId":"50|dedup_wf_001::ac47e27264fa5963700364b5195fbcba", "affiliationPosition":2, "organizationId":"20|dedup_wf_001::63ff2ef6093daebdc40cb4616be9de0b"}
{"documentId":"50|dedup_wf_001::2a4f61809daef37ddacf226ab8734f09", "affiliationPosition":3, "organizationId":"20|corda_______::00955d8f75c2e122d40cae5170840cdb"}
{"documentId":"50|dedup_wf_001::71df543fb287f8c1e3b5d0375d099417", "affiliationPosition":5, "organizationId":"20|dedup_wf_001::3f33502dcbf308cd87d7eafeada5f21b"}
{"documentId":"50|dedup_wf_001::a6eac76cd5e9ca3c83d85e3e380f6f54", "affiliationPosition":1, "organizationId":"20|dedup_wf_001::65d0b80fc39f19a90464a1884ace780d"}
{"documentId":"50|dedup_wf_001::a6eac76cd5e9ca3c83d85e3e380f6f54", "affiliationPosition":2, "organizationId":"20|dedup_wf_001::65d0b80fc39f19a90464a1884ace780d"}
{"documentId":"50|dedup_wf_001::a6eac76cd5e9ca3c83d85e3e380f6f54", "affiliationPosition":8, "organizationId":"20|dedup_wf_001::65d0b80fc39f19a90464a1884ace780d"}
{"documentId":"50|dedup_wf_001::a6eac76cd5e9ca3c83d85e3e380f6f54", "affiliationPosition":13, "organizationId":"20|dedup_wf_001::65d0b80fc39f19a90464a1884ace780d"}
{"documentId":"50|dedup_wf_001::370f1dc282772c817879118520adc48a", "affiliationPosition":2, "organizationId":"20|dedup_wf_001::6cbba79112da2a93f78adcde34de2c39"}
{"documentId":"50|dedup_wf_001::46b45c092994f5229990ecaf020f00a6", "affiliationPosition":1, "organizationId":"20|corda_______::6a3434a15397eeae50e62931afd6e2da"}
{"documentId":"50|dedup_wf_001::220c8e71c9dbff602906240854237b38", "affiliationPosition":1, "organizationId":"20|dedup_wf_001::29c79cdc1fbdb143e0d4e83d5b4faf9c"}
{"documentId":"50|dedup_wf_001::220c8e71c9dbff602906240854237b38", "affiliationPosition":2, "organizationId":"20|dedup_wf_001::f2323f9ed70f0f3a93fdfbb92f715e0e"}
{"documentId":"50|dedup_wf_001::220c8e71c9dbff602906240854237b38", "affiliationPosition":3, "organizationId":"20|dedup_wf_001::29c79cdc1fbdb143e0d4e83d5b4faf9c"}
{"documentId":"50|dedup_wf_001::a57a9aefb481c83adba3011a6141c56f", "affiliationPosition":2, "organizationId":"20|dedup_wf_001::891676c3f4374ac088baec69c462992b"}
{"documentId":"50|dedup_wf_001::a57a9aefb481c83adba3011a6141c56f", "affiliationPosition":4, "organizationId":"20|corda_______::da10f4b4cd6e8f15c7d533a7f63e896e"}
{"documentId":"50|dedup_wf_001::247084d9a7abe545374ddf7c81413cbb", "affiliationPosition":1, "organizationId":"20|dedup_wf_001::732788ddffb8276020c59ee27acb56f9"}
{"documentId":"50|dedup_wf_001::247084d9a7abe545374ddf7c81413cbb", "affiliationPosition":2, "organizationId":"20|dedup_wf_001::732788ddffb8276020c59ee27acb56f9"}
{"documentId":"50|dedup_wf_001::711222d3ff77f290ac5d69250ff5ff1e", "affiliationPosition":1, "organizationId":"20|dedup_wf_001::75328999371efd9371389a34b41ecc1c"}
{"documentId":"50|dedup_wf_001::711222d3ff77f290ac5d69250ff5ff1e", "affiliationPosition":2, "organizationId":"20|dedup_wf_001::75328999371efd9371389a34b41ecc1c"}
{"documentId":"50|dedup_wf_001::db5a0a1cf25eb41c6b07ce9994de490a", "affiliationPosition":1, "organizationId":"20|dedup_wf_001::174b4a309d3cff7a3c9de3d1b423c1ec"}
{"documentId":"50|dedup_wf_001::0e17052087f208cfdc0eccd7d05d7485", "affiliationPosition":1, "organizationId":"20|dedup_wf_001::00f1fa58fa222ff911fc3dd6555f1ce3"}
{"documentId":"50|dedup_wf_001::0e17052087f208cfdc0eccd7d05d7485", "affiliationPosition":3, "organizationId":"20|dedup_wf_001::75121cd3a4699b2baa0db5cd35bd00df"}
{"documentId":"50|dedup_wf_001::0e17052087f208cfdc0eccd7d05d7485", "affiliationPosition":4, "organizationId":"20|dedup_wf_001::2661a03e3282163f724e7054bf2ca9dd"}
{"documentId":"50|dedup_wf_001::0e17052087f208cfdc0eccd7d05d7485", "affiliationPosition":5, "organizationId":"20|dedup_wf_001::eb54d76b6f54a1b3ae07e5f4ed67096c"}
{"documentId":"50|dedup_wf_001::0e17052087f208cfdc0eccd7d05d7485", "affiliationPosition":7, "organizationId":"20|dedup_wf_001::7b740c27ae6421a980e5a687e3aa3f2b"}
{"documentId":"50|dedup_wf_001::0e17052087f208cfdc0eccd7d05d7485", "affiliationPosition":8, "organizationId":"20|dedup_wf_001::75121cd3a4699b2baa0db5cd35bd00df"}
{"documentId":"50|dedup_wf_001::2697df31892f9c109be499d93edf2890", "affiliationPosition":1, "organizationId":"20|dedup_wf_001::e62dc7a974c14196bfb65cd430237cb7"}
{"documentId":"50|dedup_wf_001::00a9849ddb1168ffca2d599d316a7b19", "affiliationPosition":1, "organizationId":"20|dedup_wf_001::bf059332a9807b1a99c3391fde0227a6"}
{"documentId":"50|dedup_wf_001::326fcd8da6d08a2d3fb1a890fc9fa26e", "affiliationPosition":1, "organizationId":"20|dedup_wf_001::342c3441eedcbfed2544ec418c70085a"}
{"documentId":"50|dedup_wf_001::326fcd8da6d08a2d3fb1a890fc9fa26e", "affiliationPosition":2, "organizationId":"20|dedup_wf_001::037f409ee87c2f0ec5f0a7c673fb7512"}
{"documentId":"50|dedup_wf_001::326fcd8da6d08a2d3fb1a890fc9fa26e", "affiliationPosition":3, "organizationId":"20|corda_______::94aba77965ffb689310211c9d896a60f"}
{"documentId":"50|dedup_wf_001::280a6b67a099795fd8f0594def2cbc65", "affiliationPosition":1, "organizationId":"20|dedup_wf_001::f23e962632dcc83e85c1ab6e7fcdd53a"}
{"documentId":"50|dedup_wf_001::280a6b67a099795fd8f0594def2cbc65", "affiliationPosition":2, "organizationId":"20|dedup_wf_001::1c6542a975f48a3bd8ad85c2bf92a7d8"}
{"documentId":"50|dedup_wf_001::c17f92ea04686de8dc48840714126014", "affiliationPosition":1, "organizationId":"20|dedup_wf_001::f75ee2ee48e5cb0ec8c8d30aaa8fef70"}
{"documentId":"50|dedup_wf_001::c17f92ea04686de8dc48840714126014", "affiliationPosition":2, "organizationId":"20|dedup_wf_001::38531a2cce7c5c347ffc439b07c1f43b"}
{"documentId":"50|dedup_wf_001::c17f92ea04686de8dc48840714126014", "affiliationPosition":3, "organizationId":"20|dedup_wf_001::65d0b80fc39f19a90464a1884ace780d"}
{"documentId":"50|dedup_wf_001::c17f92ea04686de8dc48840714126014", "affiliationPosition":4, "organizationId":"20|dedup_wf_001::30b53e4d63d3724f00acb9cbaca40860"}
{"documentId":"50|dedup_wf_001::8c59636c9d61834a47c9aa3bc6bcaf2f", "affiliationPosition":1, "organizationId":"20|dedup_wf_001::4fd28f99619fe0ac33064de5ec0d3689"}
{"documentId":"50|dedup_wf_001::1313b08b8eab2178c6e6083e0d3c1755", "affiliationPosition":2, "organizationId":"20|corda_______::6247d7c98e7c05ac25229ab64935ac05"}
{"documentId":"50|dedup_wf_001::1313b08b8eab2178c6e6083e0d3c1755", "affiliationPosition":3, "organizationId":"20|dedup_wf_001::74d4d0d65b689e71060b7a542b05fa18"}
{"documentId":"50|dedup_wf_001::1313b08b8eab2178c6e6083e0d3c1755", "affiliationPosition":4, "organizationId":"20|dedup_wf_001::9047f1638eb86319c47050a923b13b83"}
{"documentId":"50|dedup_wf_001::f054933d7859039f9abf6fe0d2b05de1", "affiliationPosition":1, "organizationId":"20|corda_______::17c38bdf593133fd43c33d72c6775f66"}
{"documentId":"50|dedup_wf_001::1d7f6bf8595e48fe864e5ed0460f18e8", "affiliationPosition":1, "organizationId":"20|dedup_wf_001::4c72eb3fc15393d92c156f822938f406"}
