{"id": "id-2", "abstract": "The tales of Alvin Maker"}
{"id": "id-3", "abstract": "A flat, circular world carried on the back of a giant turtle - Discworld"}
{"id": "id-4", "abstract": "Interview with the Vampire"}
{"id": "id-6", "abstract": "A Game of Thrones"}