{"documentId":"50|od_______908::77e0fb692f6e33a9b5a9a95634fb71c3", "affiliationPosition":0, "organizationId":"20|opendoar____::36ac23b056f6a3b327484de59793f5b3"}
{"documentId":"50|od_______908::77e0fb692f6e33a9b5a9a95634fb71c3", "affiliationPosition":1, "organizationId":"20|opendoar____::36ac23b056f6a3b327484de59793f5b3"}
{"documentId":"50|od_______908::77e0fb692f6e33a9b5a9a95634fb71c3", "affiliationPosition":2, "organizationId":"20|opendoar____::36ac23b056f6a3b327484de59793f5b3"}
{"documentId":"50|od_______908::77e14310cb2fc505012ca7825e2b2fdc", "affiliationPosition":1, "organizationId":"20|corda_______::1e67295ca2d41d9870fc8885a5468abb"}
{"documentId":"50|od_______908::77e215254a877d405c5f557fa12d9d5f", "affiliationPosition":0, "organizationId":"20|opendoar____::313f08f158659cac21a6579caed6c13a"}
{"documentId":"50|od_______908::77e215254a877d405c5f557fa12d9d5f", "affiliationPosition":1, "organizationId":"20|re3data_____::bd2ada67fcf76c0da5c2c9ef733a1c28"}
{"documentId":"50|od_______908::77e215254a877d405c5f557fa12d9d5f", "affiliationPosition":2, "organizationId":"20|nsf_________::9a9490a64f5335245a95685ffc7afacc"}
{"documentId":"50|od_______908::77e215254a877d405c5f557fa12d9d5f", "affiliationPosition":3, "organizationId":"20|opendoar____::93feb24bb9ec70616f1f943742b25c28"}
{"documentId":"50|od_______908::77e215254a877d405c5f557fa12d9d5f", "affiliationPosition":4, "organizationId":"20|nsf_________::4c4fc90be8aadf359a2c3bb75a2131bf"}
{"documentId":"50|od_______908::77e2c2ddf89f7a7fdef69bfad0377acf", "affiliationPosition":0, "organizationId":"20|corda_______::d273aa33a2e6f5d812891960e6291dc5"}
{"documentId":"50|od_______908::77e2c87544049ee11a15f7f28e9dbdec", "affiliationPosition":1, "organizationId":"20|dedup_wf_001::3bc725c456b1c8d961d8364d9db2459e"}
{"documentId":"50|od_______908::77e2c87544049ee11a15f7f28e9dbdec", "affiliationPosition":2, "organizationId":"20|corda_______::092e807c0e94ff7a8b33531b1b7d3727"}
{"documentId":"50|od_______908::77e2aa7fda07f46d45a4abbc883d755f", "affiliationPosition":0, "organizationId":"20|wt__________::870731bad81040d63cfe4eaa9e34dfb4"}
{"documentId":"50|od_______908::77e2c8f2d1cca48ac8864e9006998cb5", "affiliationPosition":0, "organizationId":"20|dedup_wf_001::e00281bdbfd20a067d402dccc9f04ff3"}
{"documentId":"50|od_______908::77e2c8f2d1cca48ac8864e9006998cb5", "affiliationPosition":1, "organizationId":"20|opendoar____::fd2b02039e23ebdfcf7c9b900d32fd6d"}
{"documentId":"50|od_______908::77e2c8f2d1cca48ac8864e9006998cb5", "affiliationPosition":2, "organizationId":"20|dedup_wf_001::e00281bdbfd20a067d402dccc9f04ff3"}
{"documentId":"50|od_______908::77e2d1fd39aab86aa1638ea49d5da213", "affiliationPosition":1, "organizationId":"20|wt__________::80b729645d1087c828977065ad9b6937"}
{"documentId":"50|od_______908::77e2d1fd39aab86aa1638ea49d5da213", "affiliationPosition":3, "organizationId":"20|wt__________::80b729645d1087c828977065ad9b6937"}
{"documentId":"50|od_______908::77e2d1fd39aab86aa1638ea49d5da213", "affiliationPosition":4, "organizationId":"20|wt__________::80b729645d1087c828977065ad9b6937"}
{"documentId":"50|od_______908::77e2fd446f79f3ce480988c59c31f2eb", "affiliationPosition":1, "organizationId":"20|nsf_________::18a0ac6debb5e01cec73dea257d1dec3"}
{"documentId":"50|od_______908::77e2fd446f79f3ce480988c59c31f2eb", "affiliationPosition":3, "organizationId":"20|nsf_________::18a0ac6debb5e01cec73dea257d1dec3"}
{"documentId":"50|od_______908::77e315e11321034fa3c355afdd79905f", "affiliationPosition":2, "organizationId":"20|opendoar____::dd6d7cf33f43c0e261f7149e85e9449c"}
{"documentId":"50|od_______908::77e353ed85010fc3c8e5b3ae65d6505f", "affiliationPosition":0, "organizationId":"20|opendoar____::9c766b232da25c8e1bc070f6c898f4bb"}
{"documentId":"50|od_______908::77e353ed85010fc3c8e5b3ae65d6505f", "affiliationPosition":1, "organizationId":"20|opendoar____::1c1901a70f3ecacedff63ea333211f97"}
{"documentId":"50|od_______908::77e353ed85010fc3c8e5b3ae65d6505f", "affiliationPosition":2, "organizationId":"20|nsf_________::7d0fb7c571469cef26550952d26c003d"}
{"documentId":"50|od_______908::77e353ed85010fc3c8e5b3ae65d6505f", "affiliationPosition":4, "organizationId":"20|dedup_wf_001::485fdd5c599092ff82a0b911cb774000"}
{"documentId":"50|od_______908::77e391d45e6c465c32ab454700db9626", "affiliationPosition":0, "organizationId":"20|nsf_________::fb6a880869e6aa3b2803a5d35d97a721"}
{"documentId":"50|od_______908::77e39c2fb8bff1370ed976ad1b925f01", "affiliationPosition":1, "organizationId":"20|wt__________::d44056811f15abe29bdea38be0a6c249"}
{"documentId":"50|od_______908::77e362babcf95c817b091dc8b9e05c1c", "affiliationPosition":1, "organizationId":"20|nsf_________::08fed41d0ba6d153736a0b8e06e30515"}
{"documentId":"50|od_______908::77e3b43f79bfebe8f6dc6944232a5952", "affiliationPosition":0, "organizationId":"20|dedup_wf_001::6a6547b13198a9d935833d75b8a70fc1"}
{"documentId":"50|od_______908::77e3b43f79bfebe8f6dc6944232a5952", "affiliationPosition":1, "organizationId":"20|dedup_wf_001::6a6547b13198a9d935833d75b8a70fc1"}
{"documentId":"50|od_______908::77e3b43f79bfebe8f6dc6944232a5952", "affiliationPosition":2, "organizationId":"20|opendoar____::3e6df17b8e8d631bacf12ef28d7c4ddb"}
{"documentId":"50|od_______908::77e3b43f79bfebe8f6dc6944232a5952", "affiliationPosition":3, "organizationId":"20|re3data_____::1275af45cca43fe537b1a395dd025c4c"}
{"documentId":"50|od_______908::77e3b43f79bfebe8f6dc6944232a5952", "affiliationPosition":4, "organizationId":"20|dedup_wf_001::6a6547b13198a9d935833d75b8a70fc1"}
{"documentId":"50|od_______908::77e3d1a073b8b7da22462726f3e28705", "affiliationPosition":0, "organizationId":"20|nsf_________::6b635d7c7984a36341604c31213d804c"}
{"documentId":"50|od_______908::77e3d1a073b8b7da22462726f3e28705", "affiliationPosition":1, "organizationId":"20|nsf_________::6b635d7c7984a36341604c31213d804c"}
{"documentId":"50|od_______908::77e3d1a073b8b7da22462726f3e28705", "affiliationPosition":2, "organizationId":"20|nsf_________::6b635d7c7984a36341604c31213d804c"}
{"documentId":"50|od_______908::77e3d1a073b8b7da22462726f3e28705", "affiliationPosition":4, "organizationId":"20|nsf_________::6b635d7c7984a36341604c31213d804c"}
{"documentId":"50|od_______908::77e3d1a073b8b7da22462726f3e28705", "affiliationPosition":5, "organizationId":"20|nsf_________::6b635d7c7984a36341604c31213d804c"}
{"documentId":"50|od_______908::77e3d1a073b8b7da22462726f3e28705", "affiliationPosition":6, "organizationId":"20|corda_______::6d0521daee99515d9145ebaa39404f69"}
{"documentId":"50|od_______908::77e3d1a073b8b7da22462726f3e28705", "affiliationPosition":7, "organizationId":"20|nsf_________::6b635d7c7984a36341604c31213d804c"}
{"documentId":"50|od_______908::77e3d1a073b8b7da22462726f3e28705", "affiliationPosition":8, "organizationId":"20|nsf_________::6b635d7c7984a36341604c31213d804c"}
{"documentId":"50|od_______908::77e3d1a073b8b7da22462726f3e28705", "affiliationPosition":13, "organizationId":"20|nsf_________::696aa8a81774e5e945cdd7458b738a3c"}
{"documentId":"50|od_______908::77e3ab1ae868f9202ed02031a91e95f2", "affiliationPosition":0, "organizationId":"20|dedup_wf_001::4509b22e7d9e325333806f2f593c0802"}
{"documentId":"50|od_______908::77e3ac53448c3c6d5e0a1c09c367e4e5", "affiliationPosition":1, "organizationId":"20|corda_______::d273aa33a2e6f5d812891960e6291dc5"}
{"documentId":"50|od_______908::77e40aeb28a43d89142b1404ca2eff97", "affiliationPosition":0, "organizationId":"20|nsf_________::10d6146817f6e8c6004a2c3077a1fd24"}
{"documentId":"50|od_______908::77e4444d67049846178ed5a16a3ad66a", "affiliationPosition":2, "organizationId":"20|re3data_____::61f76a0ab94c195bf0975b81a54f3ebb"}
{"documentId":"50|od_______908::77e44f1b7b88569f3c046170dff25406", "affiliationPosition":1, "organizationId":"20|corda_______::29011ac2c8e050ec7e72653060605e4c"}
{"documentId":"50|od_______908::77e4c7d26d4b9d19f0fb7edcbf1e0d2c", "affiliationPosition":0, "organizationId":"20|re3data_____::1275af45cca43fe537b1a395dd025c4c"}
{"documentId":"50|od_______908::77e4e748699632cf96649b1c852e3cc0", "affiliationPosition":0, "organizationId":"20|nsf_________::fa33cbc7e79f6e969908d73efaa302ec"}
{"documentId":"50|od_______908::77e4e748699632cf96649b1c852e3cc0", "affiliationPosition":1, "organizationId":"20|dedup_wf_001::2761615606829bb65fcafb49d5a13be1"}
{"documentId":"50|od_______908::77e4ff0ae0a493b0a64acbdead7dc5d8", "affiliationPosition":0, "organizationId":"20|corda_______::fe6aa2b1a97924a7f56ff10e6a16ee9b"}
{"documentId":"50|od_______908::77e4ff0ae0a493b0a64acbdead7dc5d8", "affiliationPosition":1, "organizationId":"20|corda_______::fe6aa2b1a97924a7f56ff10e6a16ee9b"}
{"documentId":"50|od_______908::77e4ff0ae0a493b0a64acbdead7dc5d8", "affiliationPosition":2, "organizationId":"20|corda_______::fe6aa2b1a97924a7f56ff10e6a16ee9b"}
{"documentId":"50|od_______908::77e4ff0ae0a493b0a64acbdead7dc5d8", "affiliationPosition":3, "organizationId":"20|corda_______::fe6aa2b1a97924a7f56ff10e6a16ee9b"}
{"documentId":"50|od_______908::77e4ff0ae0a493b0a64acbdead7dc5d8", "affiliationPosition":4, "organizationId":"20|corda_______::fe6aa2b1a97924a7f56ff10e6a16ee9b"}
{"documentId":"50|od_______908::77e4ff0ae0a493b0a64acbdead7dc5d8", "affiliationPosition":5, "organizationId":"20|corda_______::fe6aa2b1a97924a7f56ff10e6a16ee9b"}
{"documentId":"50|od_______908::77e4ff0ae0a493b0a64acbdead7dc5d8", "affiliationPosition":7, "organizationId":"20|corda_______::fe6aa2b1a97924a7f56ff10e6a16ee9b"}
{"documentId":"50|od_______908::77e52f5d2ecf1ad4e1fcd5d2ab6b79c2", "affiliationPosition":0, "organizationId":"20|dedup_wf_001::4561b5e081c447170a2ce29151b096aa"}
{"documentId":"50|od_______908::77e52f5d2ecf1ad4e1fcd5d2ab6b79c2", "affiliationPosition":1, "organizationId":"20|nsf_________::17e182ec7fbd84bf04e995b89d4b306f"}
