{"documentId":"50|dedup_wf_001::432f654298452ec2773e163aa358c639", "affiliationPosition":1, "organizationId":"20|dedup_wf_001::5f204c1bdc90c32d1c4e7298960a378c"}
{"documentId":"50|dedup_wf_001::432f654298452ec2773e163aa358c639", "affiliationPosition":2, "organizationId":"20|dedup_wf_001::33424896adbf9e22b2407913b11f781c"}
{"documentId":"50|dedup_wf_001::432f654298452ec2773e163aa358c639", "affiliationPosition":3, "organizationId":"20|dedup_wf_001::579f11bccf2d033f155adcb0bb36319a"}
{"documentId":"50|dedup_wf_001::432f654298452ec2773e163aa358c639", "affiliationPosition":4, "organizationId":"20|dedup_wf_001::c35ee0de05efdba328af29fb4544e8b7"}
{"documentId":"50|dedup_wf_001::a07d5804eef54f1d90edb35bf12d4f07", "affiliationPosition":1, "organizationId":"20|re3data_____::27e3dcdcd780e2f20ee5c3e82d9b028b"}
{"documentId":"50|dedup_wf_001::ccc891d0bd707b51f8e2932d71d983c1", "affiliationPosition":1, "organizationId":"20|dedup_wf_001::cfa721b910ea768d503be158ea09b88b"}
{"documentId":"50|dedup_wf_001::25df009a2d4adb97cf54ea7ba683259b", "affiliationPosition":1, "organizationId":"20|dedup_wf_001::7725919dd42e5c4f7cfb4354f8ed7da2"}
{"documentId":"50|dedup_wf_001::25df009a2d4adb97cf54ea7ba683259b", "affiliationPosition":2, "organizationId":"20|dedup_wf_001::7725919dd42e5c4f7cfb4354f8ed7da2"}
{"documentId":"50|dedup_wf_001::25df009a2d4adb97cf54ea7ba683259b", "affiliationPosition":3, "organizationId":"20|dedup_wf_001::2418ce303fbf37c9214fb716d0533b6e"}
{"documentId":"50|dedup_wf_001::25df009a2d4adb97cf54ea7ba683259b", "affiliationPosition":4, "organizationId":"20|dedup_wf_001::8e23df62f5711111fa16bae1c0fc6ae7"}
{"documentId":"50|dedup_wf_001::3af417c34a1f07b5fd57628c6b74e0a9", "affiliationPosition":1, "organizationId":"20|dedup_wf_001::5f204c1bdc90c32d1c4e7298960a378c"}
{"documentId":"50|dedup_wf_001::3af417c34a1f07b5fd57628c6b74e0a9", "affiliationPosition":2, "organizationId":"20|dedup_wf_001::82cf127585e76ec1b29cde4e3d9d268f"}
{"documentId":"50|dedup_wf_001::3af417c34a1f07b5fd57628c6b74e0a9", "affiliationPosition":3, "organizationId":"20|dedup_wf_001::84ef588eeeb4ef77e45ccfbbf3aef69c"}
{"documentId":"50|dedup_wf_001::2b3b9b8f179e01023e60c1d23b838178", "affiliationPosition":1, "organizationId":"20|dedup_wf_001::fd996300ecb445999dab473544e0e97f"}
{"documentId":"50|dedup_wf_001::2b3b9b8f179e01023e60c1d23b838178", "affiliationPosition":2, "organizationId":"20|corda_______::949a4ad33011043dfab29fd5b8f9010e"}
{"documentId":"50|dedup_wf_001::2b3b9b8f179e01023e60c1d23b838178", "affiliationPosition":3, "organizationId":"20|dedup_wf_001::fa663da8847ace4ab7d78daae6d401d5"}
{"documentId":"50|dedup_wf_001::2b3b9b8f179e01023e60c1d23b838178", "affiliationPosition":4, "organizationId":"20|dedup_wf_001::bf059332a9807b1a99c3391fde0227a6"}
{"documentId":"50|dedup_wf_001::a35ff04717c91e777ba426a0d548781c", "affiliationPosition":1, "organizationId":"20|dedup_wf_001::03181812da1ab8217e355ea3f97597df"}
{"documentId":"50|dedup_wf_001::a35ff04717c91e777ba426a0d548781c", "affiliationPosition":2, "organizationId":"20|dedup_wf_001::02ac75af9332f7931d1bc8671a011210"}
{"documentId":"50|dedup_wf_001::4d5a24ea756baf1ff6ce82e54ac84907", "affiliationPosition":1, "organizationId":"20|nsf_________::aa189d6223898db47e815511457ebe78"}
{"documentId":"50|dedup_wf_001::4d5a24ea756baf1ff6ce82e54ac84907", "affiliationPosition":2, "organizationId":"20|nsf_________::aa189d6223898db47e815511457ebe78"}
{"documentId":"50|dedup_wf_001::4d5a24ea756baf1ff6ce82e54ac84907", "affiliationPosition":3, "organizationId":"20|dedup_wf_001::095c0456c3b3c7f4254739ebab1fd0f8"}
{"documentId":"50|dedup_wf_001::4d5a24ea756baf1ff6ce82e54ac84907", "affiliationPosition":4, "organizationId":"20|nsf_________::aa189d6223898db47e815511457ebe78"}
{"documentId":"50|dedup_wf_001::4d5a24ea756baf1ff6ce82e54ac84907", "affiliationPosition":5, "organizationId":"20|dedup_wf_001::63802c5164f7723e6e8c02ab32a4730b"}
{"documentId":"50|dedup_wf_001::79f381e2cd494e0051117dc13c5caa70", "affiliationPosition":1, "organizationId":"20|corda__h2020::3b23f0a6c708462f21729228c3bbae15"}
{"documentId":"50|dedup_wf_001::79f381e2cd494e0051117dc13c5caa70", "affiliationPosition":2, "organizationId":"20|corda__h2020::3b23f0a6c708462f21729228c3bbae15"}
{"documentId":"50|dedup_wf_001::79f381e2cd494e0051117dc13c5caa70", "affiliationPosition":3, "organizationId":"20|corda__h2020::4d536424fce0b8264486b6b557f497b5"}
{"documentId":"50|dedup_wf_001::79f381e2cd494e0051117dc13c5caa70", "affiliationPosition":4, "organizationId":"20|dedup_wf_001::750eda585031253988dfb7c13a32208c"}
{"documentId":"50|dedup_wf_001::79f381e2cd494e0051117dc13c5caa70", "affiliationPosition":9, "organizationId":"20|dedup_wf_001::95417e4d8ee212cd0da6ed8a292a20d3"}
{"documentId":"50|dedup_wf_001::79f381e2cd494e0051117dc13c5caa70", "affiliationPosition":10, "organizationId":"20|corda__h2020::ca30595427b5c02e9c2468075bdde704"}
{"documentId":"50|dedup_wf_001::79f381e2cd494e0051117dc13c5caa70", "affiliationPosition":11, "organizationId":"20|corda__h2020::917678d2c1765fba66649c093e862d45"}
{"documentId":"50|dedup_wf_001::79f381e2cd494e0051117dc13c5caa70", "affiliationPosition":12, "organizationId":"20|corda__h2020::5598fd26e03935427b525c60702fb6de"}
{"documentId":"50|dedup_wf_001::79f381e2cd494e0051117dc13c5caa70", "affiliationPosition":15, "organizationId":"20|opendoar____::65dbeeb7e2d77a001470541856531539"}
{"documentId":"50|dedup_wf_001::2325fea96848bf8cd1975c9257662319", "affiliationPosition":1, "organizationId":"20|dedup_wf_001::ef77a7bbe5796b0b47aa60947a5c6f41"}
{"documentId":"50|dedup_wf_001::2325fea96848bf8cd1975c9257662319", "affiliationPosition":2, "organizationId":"20|re3data_____::15408ec58ee80a269c878ee47b431e91"}
{"documentId":"50|dedup_wf_001::2325fea96848bf8cd1975c9257662319", "affiliationPosition":3, "organizationId":"20|dedup_wf_001::5456b2dc21585b74b2cc54ada9b97834"}
{"documentId":"50|dedup_wf_001::dd96d431817890d27cc42afb54fce27f", "affiliationPosition":1, "organizationId":"20|corda__h2020::1057b55b028ce300602465e20f32d50e"}
{"documentId":"50|dedup_wf_001::dd96d431817890d27cc42afb54fce27f", "affiliationPosition":2, "organizationId":"20|opendoar____::0180e318632b894220f89c41c71aebd4"}
{"documentId":"50|dedup_wf_001::b6150cb58f026e3a23ff45cdafddc59b", "affiliationPosition":2, "organizationId":"20|dedup_wf_001::94bd16a6bd4747befea64fc4801a7048"}
{"documentId":"50|dedup_wf_001::d1ee9fb51a0d5af774bad2af56a23124", "affiliationPosition":1, "organizationId":"20|dedup_wf_001::ee1f0ec6c8afef99cd790808ae4edf70"}
{"documentId":"50|dedup_wf_001::d1ee9fb51a0d5af774bad2af56a23124", "affiliationPosition":2, "organizationId":"20|dedup_wf_001::be7551fdc62b737b7e99b12abe95c6d0"}
{"documentId":"50|dedup_wf_001::d1ee9fb51a0d5af774bad2af56a23124", "affiliationPosition":3, "organizationId":"20|dedup_wf_001::1c6542a975f48a3bd8ad85c2bf92a7d8"}
{"documentId":"50|dedup_wf_001::d1ee9fb51a0d5af774bad2af56a23124", "affiliationPosition":5, "organizationId":"20|opendoar____::457f44b203af6b6c9d9dcf6bc0541c58"}
{"documentId":"50|dedup_wf_001::d1ee9fb51a0d5af774bad2af56a23124", "affiliationPosition":6, "organizationId":"20|re3data_____::ee17ae7b8a570bd0919db7d4aa92968a"}
{"documentId":"50|dedup_wf_001::d1ee9fb51a0d5af774bad2af56a23124", "affiliationPosition":7, "organizationId":"20|dedup_wf_001::1c6542a975f48a3bd8ad85c2bf92a7d8"}
{"documentId":"50|dedup_wf_001::77ac4a5987c8c5cb10bdb032dc2a7aeb", "affiliationPosition":1, "organizationId":"20|opendoar____::40e0928728ca1ea6ebb147ad307fc7db"}
{"documentId":"50|dedup_wf_001::77ac4a5987c8c5cb10bdb032dc2a7aeb", "affiliationPosition":2, "organizationId":"20|opendoar____::26a2e98f2e7cff0cf0894e899f1e03ac"}
{"documentId":"50|dedup_wf_001::77ac4a5987c8c5cb10bdb032dc2a7aeb", "affiliationPosition":3, "organizationId":"20|re3data_____::2428a2bea565dd4a768260fd20b609cd"}
{"documentId":"50|dedup_wf_001::71eacac9c0386cad3d28329f2a6daca5", "affiliationPosition":1, "organizationId":"20|dedup_wf_001::29c79cdc1fbdb143e0d4e83d5b4faf9c"}
{"documentId":"50|dedup_wf_001::71eacac9c0386cad3d28329f2a6daca5", "affiliationPosition":2, "organizationId":"20|dedup_wf_001::2661a03e3282163f724e7054bf2ca9dd"}
{"documentId":"50|dedup_wf_001::71eacac9c0386cad3d28329f2a6daca5", "affiliationPosition":3, "organizationId":"20|dedup_wf_001::29c79cdc1fbdb143e0d4e83d5b4faf9c"}
{"documentId":"50|dedup_wf_001::71eacac9c0386cad3d28329f2a6daca5", "affiliationPosition":4, "organizationId":"20|dedup_wf_001::012e526cd4625068ea3f20bb6979c859"}
{"documentId":"50|dedup_wf_001::9884bfb6c4e8914720829708e508f822", "affiliationPosition":2, "organizationId":"20|dedup_wf_001::3e617c517ad5d7982d401096aa751142"}
{"documentId":"50|od______1255::a6bf6a0d793a2d32eafc418adf5546e9", "affiliationPosition":1, "organizationId":"20|dedup_wf_001::182ec967680e19a590f1de90b0216d72"}
{"documentId":"50|od______1255::a6bf6a0d793a2d32eafc418adf5546e9", "affiliationPosition":2, "organizationId":"20|dedup_wf_001::68450787832ad8b6e6879305537c6968"}
{"documentId":"50|od______1255::a6bf6a0d793a2d32eafc418adf5546e9", "affiliationPosition":3, "organizationId":"20|dedup_wf_001::af0e7bf5a41058659ae6444592c05399"}
{"documentId":"50|dedup_wf_001::c4cfd571f4ae4556500116d9b0e6ef88", "affiliationPosition":1, "organizationId":"20|dedup_wf_001::6572e94bffe65e2dd5fa325f9abbf042"}
{"documentId":"50|dedup_wf_001::5aca058239e9472d87414c6896c37297", "affiliationPosition":1, "organizationId":"20|dedup_wf_001::75328999371efd9371389a34b41ecc1c"}
{"documentId":"50|dedup_wf_001::5aca058239e9472d87414c6896c37297", "affiliationPosition":2, "organizationId":"20|dedup_wf_001::c427f52d63d4392022f4b50a616edaca"}
{"documentId":"50|dedup_wf_001::5aca058239e9472d87414c6896c37297", "affiliationPosition":3, "organizationId":"20|opendoar____::e161fda1a0a818185d175206ec9e2cbc"}
{"documentId":"50|dedup_wf_001::5aca058239e9472d87414c6896c37297", "affiliationPosition":4, "organizationId":"20|dedup_wf_001::9fb8c4a58cc49b50fbadbeaabacbd9ab"}
{"documentId":"50|dedup_wf_001::5aca058239e9472d87414c6896c37297", "affiliationPosition":5, "organizationId":"20|dedup_wf_001::75328999371efd9371389a34b41ecc1c"}
{"documentId":"50|dedup_wf_001::5aca058239e9472d87414c6896c37297", "affiliationPosition":6, "organizationId":"20|dedup_wf_001::9fb8c4a58cc49b50fbadbeaabacbd9ab"}
{"documentId":"50|dedup_wf_001::5aca058239e9472d87414c6896c37297", "affiliationPosition":7, "organizationId":"20|dedup_wf_001::9fb8c4a58cc49b50fbadbeaabacbd9ab"}
{"documentId":"50|dedup_wf_001::5aca058239e9472d87414c6896c37297", "affiliationPosition":8, "organizationId":"20|dedup_wf_001::c337b8249b76a3670cd9cc14acc36737"}
{"documentId":"50|dedup_wf_001::9afe1477af392173efffa3d66d233371", "affiliationPosition":1, "organizationId":"20|dedup_wf_001::2bc18bae4b461a9e500cfc6b9f631da0"}
{"documentId":"50|dedup_wf_001::9afe1477af392173efffa3d66d233371", "affiliationPosition":2, "organizationId":"20|dedup_wf_001::2bc18bae4b461a9e500cfc6b9f631da0"}
{"documentId":"50|dedup_wf_001::9afe1477af392173efffa3d66d233371", "affiliationPosition":3, "organizationId":"20|corda__h2020::10ede74853a8ad6e4127025385452c52"}
{"documentId":"50|dedup_wf_001::9afe1477af392173efffa3d66d233371", "affiliationPosition":4, "organizationId":"20|corda__h2020::10ede74853a8ad6e4127025385452c52"}
{"documentId":"50|dedup_wf_001::9afe1477af392173efffa3d66d233371", "affiliationPosition":5, "organizationId":"20|dedup_wf_001::a23898fcbb0bd9740a8d515d6fcf266d"}
{"documentId":"50|dedup_wf_001::cb72dc2898ad1859c22427109f568257", "affiliationPosition":1, "organizationId":"20|dedup_wf_001::7b8ec0dd1a886d25a3dc2e11c8644a06"}
{"documentId":"50|dedup_wf_001::cb72dc2898ad1859c22427109f568257", "affiliationPosition":2, "organizationId":"20|dedup_wf_001::7b8ec0dd1a886d25a3dc2e11c8644a06"}
{"documentId":"50|dedup_wf_001::cb72dc2898ad1859c22427109f568257", "affiliationPosition":3, "organizationId":"20|dedup_wf_001::7b8ec0dd1a886d25a3dc2e11c8644a06"}
{"documentId":"50|dedup_wf_001::cb72dc2898ad1859c22427109f568257", "affiliationPosition":4, "organizationId":"20|nsf_________::3df9ec20340aff05146b90b69903fc55"}
{"documentId":"50|dedup_wf_001::7039c14b0cc991ed72b9da03e14b32c5", "affiliationPosition":1, "organizationId":"20|dedup_wf_001::0fb229ccb02ba6937275beff850e05a4"}
{"documentId":"50|dedup_wf_001::7039c14b0cc991ed72b9da03e14b32c5", "affiliationPosition":2, "organizationId":"20|opendoar____::0180e318632b894220f89c41c71aebd4"}
{"documentId":"50|dedup_wf_001::8ccd46dd8b1fabb5161bf020800727c8", "affiliationPosition":1, "organizationId":"20|re3data_____::1307d54e6955e019a4761cbeab144642"}
{"documentId":"50|dedup_wf_001::8ccd46dd8b1fabb5161bf020800727c8", "affiliationPosition":2, "organizationId":"20|dedup_wf_001::bf059332a9807b1a99c3391fde0227a6"}
{"documentId":"50|dedup_wf_001::8ccd46dd8b1fabb5161bf020800727c8", "affiliationPosition":4, "organizationId":"20|dedup_wf_001::4fd28f99619fe0ac33064de5ec0d3689"}
{"documentId":"50|dedup_wf_001::8ccd46dd8b1fabb5161bf020800727c8", "affiliationPosition":5, "organizationId":"20|nsf_________::e82169d67284952337c5aaa8d214d4ae"}
{"documentId":"50|dedup_wf_001::8ccd46dd8b1fabb5161bf020800727c8", "affiliationPosition":6, "organizationId":"20|dedup_wf_001::bf059332a9807b1a99c3391fde0227a6"}
{"documentId":"50|dedup_wf_001::c7d59bcdaf8c7769d170edc2fc3337be", "affiliationPosition":1, "organizationId":"20|dedup_wf_001::cf276e425754b8d5f602a48f6e63bc0b"}
{"documentId":"50|dedup_wf_001::ca5144e865af1cec63e2c6d425e6fa82", "affiliationPosition":1, "organizationId":"20|dedup_wf_001::30e13bf4c81ff01bca85f5c4c6573171"}
{"documentId":"50|dedup_wf_001::ca5144e865af1cec63e2c6d425e6fa82", "affiliationPosition":3, "organizationId":"20|dedup_wf_001::30e13bf4c81ff01bca85f5c4c6573171"}
{"documentId":"50|dedup_wf_001::4b6876f4110063d9211108001b833e9b", "affiliationPosition":1, "organizationId":"20|opendoar____::af5dbbf90780ae23ac4366ef64bc5e64"}
