{"documentId":"50|dedup_wf_001::df2a4cc7d353e64b72f1aeabfdba7de6", "affiliationPosition":1, "organizationId":"20|dedup_wf_001::404006473b40328c898d2964d0667eb7"}
{"documentId":"50|dedup_wf_001::df2a4cc7d353e64b72f1aeabfdba7de6", "affiliationPosition":4, "organizationId":"20|dedup_wf_001::f2323f9ed70f0f3a93fdfbb92f715e0e"}
{"documentId":"50|dedup_wf_001::a345c31b81c20d8c38c8caa6be5bdc22", "affiliationPosition":1, "organizationId":"20|dedup_wf_001::9634dcd763d51b052a8c68f2b7f1747b"}
{"documentId":"50|dedup_wf_001::a345c31b81c20d8c38c8caa6be5bdc22", "affiliationPosition":2, "organizationId":"20|dedup_wf_001::f2323f9ed70f0f3a93fdfbb92f715e0e"}
{"documentId":"50|dedup_wf_001::e76e79d738f74f5e510244e82257e709", "affiliationPosition":3, "organizationId":"20|dedup_wf_001::b9c7f9bac4299da0cdd4725262eb8a41"}
{"documentId":"50|dedup_wf_001::e76e79d738f74f5e510244e82257e709", "affiliationPosition":4, "organizationId":"20|dedup_wf_001::02ac75af9332f7931d1bc8671a011210"}
{"documentId":"50|dedup_wf_001::ddd8526013651691d77c5e9b2491fd0f", "affiliationPosition":1, "organizationId":"20|dedup_wf_001::87cd8feb4dc3a8c6bbd1cc7eebfaa255"}
{"documentId":"50|dedup_wf_001::ddd8526013651691d77c5e9b2491fd0f", "affiliationPosition":3, "organizationId":"20|dedup_wf_001::87cd8feb4dc3a8c6bbd1cc7eebfaa255"}
{"documentId":"50|dedup_wf_001::700b175593a027a714c3bef3484cfb9a", "affiliationPosition":1, "organizationId":"20|dedup_wf_001::3324bc3b6543a951b4177728fb781eb1"}
{"documentId":"50|dedup_wf_001::700b175593a027a714c3bef3484cfb9a", "affiliationPosition":2, "organizationId":"20|dedup_wf_001::3324bc3b6543a951b4177728fb781eb1"}
{"documentId":"50|dedup_wf_001::700b175593a027a714c3bef3484cfb9a", "affiliationPosition":3, "organizationId":"20|corda_______::74332f0f0edf1fc381414ac590250d7e"}
{"documentId":"50|dedup_wf_001::700b175593a027a714c3bef3484cfb9a", "affiliationPosition":4, "organizationId":"20|corda_______::18d735112b54e350cbda7aacad4fa871"}
{"documentId":"50|dedup_wf_001::700b175593a027a714c3bef3484cfb9a", "affiliationPosition":5, "organizationId":"20|corda_______::2a23bda974ff6d427e7139720d7c94df"}
{"documentId":"50|dedup_wf_001::700b175593a027a714c3bef3484cfb9a", "affiliationPosition":6, "organizationId":"20|corda_______::2a23bda974ff6d427e7139720d7c94df"}
{"documentId":"50|dedup_wf_001::700b175593a027a714c3bef3484cfb9a", "affiliationPosition":7, "organizationId":"20|dedup_wf_001::c132b8125fddf3ecf9d8b5a72ed4c991"}
{"documentId":"50|dedup_wf_001::700b175593a027a714c3bef3484cfb9a", "affiliationPosition":8, "organizationId":"20|dedup_wf_001::3324bc3b6543a951b4177728fb781eb1"}
{"documentId":"50|dedup_wf_001::39e4efcc2ed950283cc9500452b9a0a8", "affiliationPosition":1, "organizationId":"20|dedup_wf_001::174b4a309d3cff7a3c9de3d1b423c1ec"}
{"documentId":"50|dedup_wf_001::0262bfa18da0451870d7d9e62aea6ed1", "affiliationPosition":1, "organizationId":"20|dedup_wf_001::b29deecb0cff7217d96e6c94eaf6059e"}
{"documentId":"50|dedup_wf_001::0262bfa18da0451870d7d9e62aea6ed1", "affiliationPosition":2, "organizationId":"20|dedup_wf_001::b29deecb0cff7217d96e6c94eaf6059e"}
{"documentId":"50|dedup_wf_001::0262bfa18da0451870d7d9e62aea6ed1", "affiliationPosition":3, "organizationId":"20|dedup_wf_001::90d527392c856cca4677b2e7c6bb52dd"}
{"documentId":"50|dedup_wf_001::0262bfa18da0451870d7d9e62aea6ed1", "affiliationPosition":4, "organizationId":"20|corda_______::190b9ee309dd649b6f85226c4cef6178"}
{"documentId":"50|dedup_wf_001::0262bfa18da0451870d7d9e62aea6ed1", "affiliationPosition":5, "organizationId":"20|dedup_wf_001::92ded2eb898b9d11a19ad230c3c3cb8b"}
{"documentId":"50|dedup_wf_001::0262bfa18da0451870d7d9e62aea6ed1", "affiliationPosition":7, "organizationId":"20|dedup_wf_001::c427f52d63d4392022f4b50a616edaca"}
{"documentId":"50|dedup_wf_001::630711e2a3ffe05c806d02431382d81a", "affiliationPosition":2, "organizationId":"20|dedup_wf_001::f2323f9ed70f0f3a93fdfbb92f715e0e"}
{"documentId":"50|dedup_wf_001::092eeb362031125ada126a37399ef526", "affiliationPosition":1, "organizationId":"20|corda_______::62b98511b7b7942edc82bee554e98ad3"}
{"documentId":"50|dedup_wf_001::092eeb362031125ada126a37399ef526", "affiliationPosition":2, "organizationId":"20|dedup_wf_001::bcb1c02f4483f19989285453d16c304b"}
{"documentId":"50|dedup_wf_001::71bc165f8dfa32c1f8ee876482ae8c54", "affiliationPosition":1, "organizationId":"20|dedup_wf_001::f0087eae558f002de439331f66cfdef2"}
{"documentId":"50|dedup_wf_001::53ca4ef0dbda4a3eb1ad8bd51b75236b", "affiliationPosition":1, "organizationId":"20|dedup_wf_001::4fd25cf0c21ea72c4f5b79d225f853bc"}
{"documentId":"50|dedup_wf_001::53ca4ef0dbda4a3eb1ad8bd51b75236b", "affiliationPosition":2, "organizationId":"20|dedup_wf_001::4fd25cf0c21ea72c4f5b79d225f853bc"}
{"documentId":"50|dedup_wf_001::20ae66585f50ef995c877537dcef4f3c", "affiliationPosition":2, "organizationId":"20|dedup_wf_001::2c0757dd8ca0bf8644d652379e5716fd"}
{"documentId":"50|dedup_wf_001::a13db635a97d0ee9d5f79757e8b1ada1", "affiliationPosition":1, "organizationId":"20|dedup_wf_001::8d945e32b0ff26e727676173f5104244"}
{"documentId":"50|dedup_wf_001::a13db635a97d0ee9d5f79757e8b1ada1", "affiliationPosition":3, "organizationId":"20|dedup_wf_001::c132b8125fddf3ecf9d8b5a72ed4c991"}
{"documentId":"50|dedup_wf_001::a13db635a97d0ee9d5f79757e8b1ada1", "affiliationPosition":4, "organizationId":"20|corda_______::ce41a161f48cd7382fe0d53accf3036c"}
{"documentId":"50|dedup_wf_001::a13db635a97d0ee9d5f79757e8b1ada1", "affiliationPosition":5, "organizationId":"20|dedup_wf_001::277106d1538a3240e3814ebf88471027"}
{"documentId":"50|dedup_wf_001::34e50451131d67223a8cf14521e058d4", "affiliationPosition":1, "organizationId":"20|dedup_wf_001::2eb18194c6387f3cc01c50599e8ebb71"}
{"documentId":"50|dedup_wf_001::c7e4d3a12e143e05691016bd5b1f162b", "affiliationPosition":3, "organizationId":"20|dedup_wf_001::4c72eb3fc15393d92c156f822938f406"}
{"documentId":"50|dedup_wf_001::2911aa3cb14592ca70c5dde09587f02e", "affiliationPosition":4, "organizationId":"20|dedup_wf_001::00f1fa58fa222ff911fc3dd6555f1ce3"}
{"documentId":"50|dedup_wf_001::46be580dfae8ea2e0541841be101cd37", "affiliationPosition":3, "organizationId":"20|dedup_wf_001::174b4a309d3cff7a3c9de3d1b423c1ec"}
{"documentId":"50|dedup_wf_001::8fa82e4e0cb43301dbdbe69b3e2c0938", "affiliationPosition":4, "organizationId":"20|dedup_wf_001::b069f6a63da68755d5ece5f9e289169c"}
{"documentId":"50|dedup_wf_001::21e9bc0da28b2ba2d2cc89efac1dc0d7", "affiliationPosition":1, "organizationId":"20|dedup_wf_001::a6d5602a15379c64371ffcae887d1ab8"}
{"documentId":"50|dedup_wf_001::9b3988c71ce4317968c474176aa0753d", "affiliationPosition":1, "organizationId":"20|dedup_wf_001::037f409ee87c2f0ec5f0a7c673fb7512"}
{"documentId":"50|dedup_wf_001::66302403897e76a677048753ad4d4831", "affiliationPosition":5, "organizationId":"20|dedup_wf_001::00f1fa58fa222ff911fc3dd6555f1ce3"}
{"documentId":"50|dedup_wf_001::66302403897e76a677048753ad4d4831", "affiliationPosition":6, "organizationId":"20|dedup_wf_001::00f1fa58fa222ff911fc3dd6555f1ce3"}
{"documentId":"50|dedup_wf_001::66302403897e76a677048753ad4d4831", "affiliationPosition":7, "organizationId":"20|dedup_wf_001::00f1fa58fa222ff911fc3dd6555f1ce3"}
{"documentId":"50|od_________7::bcb26be73120bda898e0bf44f325e719", "affiliationPosition":5, "organizationId":"20|dedup_wf_001::354d88daaa61069d72f4ed74a9809611"}
{"documentId":"50|od_________7::bcb26be73120bda898e0bf44f325e719", "affiliationPosition":6, "organizationId":"20|dedup_wf_001::7bf251ac3765b5e89d82270a1763d09f"}
{"documentId":"50|dedup_wf_001::683598a676540ddb0c0f8a0ad5d8a7cb", "affiliationPosition":1, "organizationId":"20|dedup_wf_001::32ddea2e45703cb7e812e9248e08c214"}
{"documentId":"50|dedup_wf_001::f8492f79afc595759d2899cc064a63cd", "affiliationPosition":1, "organizationId":"20|corda_______::9a42daa3bbf8a4fc7b8ca8f572b24ad3"}
{"documentId":"50|dedup_wf_001::f8492f79afc595759d2899cc064a63cd", "affiliationPosition":3, "organizationId":"20|corda_______::16fd4fe7af68b621cec205cd341252c2"}
{"documentId":"50|dedup_wf_001::f8492f79afc595759d2899cc064a63cd", "affiliationPosition":6, "organizationId":"20|dedup_wf_001::eeb555edd9e39a84a016fd365ea25ed8"}
{"documentId":"50|dedup_wf_001::f8492f79afc595759d2899cc064a63cd", "affiliationPosition":8, "organizationId":"20|dedup_wf_001::5eb3412b03d5653fea3727d910f5e82d"}
{"documentId":"50|dedup_wf_001::e822b33621918ef03d61d26ae6fed2e9", "affiliationPosition":1, "organizationId":"20|dedup_wf_001::bd1e5b149beab30b0b6fa8332b7edea9"}
{"documentId":"50|dedup_wf_001::519009440853229824ade43faef977cf", "affiliationPosition":4, "organizationId":"20|dedup_wf_001::17efb483eafa9e1cda3729e8644a8355"}
{"documentId":"50|dedup_wf_001::860cd51e7e7dedc8323d8866ea657090", "affiliationPosition":3, "organizationId":"20|dedup_wf_001::72517ac1f7974a1557cabb42be264d16"}
{"documentId":"50|dedup_wf_001::860cd51e7e7dedc8323d8866ea657090", "affiliationPosition":4, "organizationId":"20|dedup_wf_001::72517ac1f7974a1557cabb42be264d16"}
