{"documentId":"50|od_______908::77e0fb692f6e33a9b5a9a95634fb71c3", "affiliationPosition":1, "organizationId":"20|opendoar____::36ac23b056f6a3b327484de59793f5b3"}
{"documentId":"50|od_______908::77e0fb692f6e33a9b5a9a95634fb71c3", "affiliationPosition":2, "organizationId":"20|opendoar____::36ac23b056f6a3b327484de59793f5b3"}
{"documentId":"50|od_______908::77e0fb692f6e33a9b5a9a95634fb71c3", "affiliationPosition":3, "organizationId":"20|opendoar____::36ac23b056f6a3b327484de59793f5b3"}
{"documentId":"50|od_______908::77e14310cb2fc505012ca7825e2b2fdc", "affiliationPosition":2, "organizationId":"20|corda_______::1e67295ca2d41d9870fc8885a5468abb"}
{"documentId":"50|od_______908::77e215254a877d405c5f557fa12d9d5f", "affiliationPosition":1, "organizationId":"20|dedup_wf_001::131ba55de245f09922fb7e293e0d6f0d"}
{"documentId":"50|od_______908::77e215254a877d405c5f557fa12d9d5f", "affiliationPosition":2, "organizationId":"20|re3data_____::bd2ada67fcf76c0da5c2c9ef733a1c28"}
{"documentId":"50|od_______908::77e215254a877d405c5f557fa12d9d5f", "affiliationPosition":3, "organizationId":"20|dedup_wf_001::7b8ec0dd1a886d25a3dc2e11c8644a06"}
{"documentId":"50|od_______908::77e215254a877d405c5f557fa12d9d5f", "affiliationPosition":4, "organizationId":"20|dedup_wf_001::3e54f816d05da5f423d849e5eb618572"}
{"documentId":"50|od_______908::77e215254a877d405c5f557fa12d9d5f", "affiliationPosition":5, "organizationId":"20|nsf_________::4c4fc90be8aadf359a2c3bb75a2131bf"}
{"documentId":"50|od_______908::77e2c2ddf89f7a7fdef69bfad0377acf", "affiliationPosition":1, "organizationId":"20|dedup_wf_001::ba09ecaee170d029bc9ffcd9f5063f4f"}
{"documentId":"50|od_______908::77e2c87544049ee11a15f7f28e9dbdec", "affiliationPosition":2, "organizationId":"20|dedup_wf_001::3bc725c456b1c8d961d8364d9db2459e"}
{"documentId":"50|od_______908::77e2c87544049ee11a15f7f28e9dbdec", "affiliationPosition":3, "organizationId":"20|corda_______::092e807c0e94ff7a8b33531b1b7d3727"}
{"documentId":"50|od_______908::77e2aa7fda07f46d45a4abbc883d755f", "affiliationPosition":1, "organizationId":"20|wt__________::870731bad81040d63cfe4eaa9e34dfb4"}
{"documentId":"50|od_______908::77e2c8f2d1cca48ac8864e9006998cb5", "affiliationPosition":1, "organizationId":"20|corda__h2020::e00281bdbfd20a067d402dccc9f04ff3"}
{"documentId":"50|od_______908::77e2c8f2d1cca48ac8864e9006998cb5", "affiliationPosition":2, "organizationId":"20|opendoar____::fd2b02039e23ebdfcf7c9b900d32fd6d"}
{"documentId":"50|od_______908::77e2c8f2d1cca48ac8864e9006998cb5", "affiliationPosition":3, "organizationId":"20|corda__h2020::e00281bdbfd20a067d402dccc9f04ff3"}
{"documentId":"50|od_______908::77e2d1fd39aab86aa1638ea49d5da213", "affiliationPosition":2, "organizationId":"20|wt__________::80b729645d1087c828977065ad9b6937"}
{"documentId":"50|od_______908::77e2d1fd39aab86aa1638ea49d5da213", "affiliationPosition":4, "organizationId":"20|wt__________::80b729645d1087c828977065ad9b6937"}
{"documentId":"50|od_______908::77e2d1fd39aab86aa1638ea49d5da213", "affiliationPosition":5, "organizationId":"20|wt__________::80b729645d1087c828977065ad9b6937"}
{"documentId":"50|od_______908::77e2fd446f79f3ce480988c59c31f2eb", "affiliationPosition":2, "organizationId":"20|nsf_________::18a0ac6debb5e01cec73dea257d1dec3"}
{"documentId":"50|od_______908::77e2fd446f79f3ce480988c59c31f2eb", "affiliationPosition":4, "organizationId":"20|nsf_________::18a0ac6debb5e01cec73dea257d1dec3"}
{"documentId":"50|od_______908::77e315e11321034fa3c355afdd79905f", "affiliationPosition":3, "organizationId":"20|dedup_wf_001::dd6d7cf33f43c0e261f7149e85e9449c"}
{"documentId":"50|od_______908::77e315e11321034fa3c355afdd79905f", "affiliationPosition":5, "organizationId":"20|dedup_wf_001::2e36d07c4e1a3dae60f86a1fc7e69ab2"}
{"documentId":"50|od_______908::77e353ed85010fc3c8e5b3ae65d6505f", "affiliationPosition":1, "organizationId":"20|dedup_wf_001::9c766b232da25c8e1bc070f6c898f4bb"}
{"documentId":"50|od_______908::77e353ed85010fc3c8e5b3ae65d6505f", "affiliationPosition":2, "organizationId":"20|corda__h2020::1a5a90d361ace0a9821c09849877e1e7"}
{"documentId":"50|od_______908::77e353ed85010fc3c8e5b3ae65d6505f", "affiliationPosition":3, "organizationId":"20|nsf_________::7d0fb7c571469cef26550952d26c003d"}
{"documentId":"50|od_______908::77e353ed85010fc3c8e5b3ae65d6505f", "affiliationPosition":5, "organizationId":"20|dedup_wf_001::485fdd5c599092ff82a0b911cb774000"}
{"documentId":"50|od_______908::77e391d45e6c465c32ab454700db9626", "affiliationPosition":1, "organizationId":"20|nsf_________::fb6a880869e6aa3b2803a5d35d97a721"}
{"documentId":"50|od_______908::77e39c2fb8bff1370ed976ad1b925f01", "affiliationPosition":2, "organizationId":"20|wt__________::d44056811f15abe29bdea38be0a6c249"}
{"documentId":"50|od_______908::77e362babcf95c817b091dc8b9e05c1c", "affiliationPosition":2, "organizationId":"20|dedup_wf_001::08fed41d0ba6d153736a0b8e06e30515"}
{"documentId":"50|od_______908::77e362babcf95c817b091dc8b9e05c1c", "affiliationPosition":3, "organizationId":"20|dedup_wf_001::579d8fe8395cbd382d397e6532611b80"}
{"documentId":"50|od_______908::77e3b43f79bfebe8f6dc6944232a5952", "affiliationPosition":1, "organizationId":"20|dedup_wf_001::86f40acd706436c44f220bcec383796b"}
{"documentId":"50|od_______908::77e3b43f79bfebe8f6dc6944232a5952", "affiliationPosition":2, "organizationId":"20|dedup_wf_001::86f40acd706436c44f220bcec383796b"}
{"documentId":"50|od_______908::77e3b43f79bfebe8f6dc6944232a5952", "affiliationPosition":3, "organizationId":"20|dedup_wf_001::3e6df17b8e8d631bacf12ef28d7c4ddb"}
{"documentId":"50|od_______908::77e3b43f79bfebe8f6dc6944232a5952", "affiliationPosition":4, "organizationId":"20|nsf_________::1b276a01908a7b2983181a392e5c26b6"}
{"documentId":"50|od_______908::77e3b43f79bfebe8f6dc6944232a5952", "affiliationPosition":5, "organizationId":"20|dedup_wf_001::86f40acd706436c44f220bcec383796b"}
{"documentId":"50|od_______908::77e3d1a073b8b7da22462726f3e28705", "affiliationPosition":1, "organizationId":"20|dedup_wf_001::6b635d7c7984a36341604c31213d804c"}
{"documentId":"50|od_______908::77e3d1a073b8b7da22462726f3e28705", "affiliationPosition":2, "organizationId":"20|dedup_wf_001::6b635d7c7984a36341604c31213d804c"}
{"documentId":"50|od_______908::77e3d1a073b8b7da22462726f3e28705", "affiliationPosition":3, "organizationId":"20|dedup_wf_001::6b635d7c7984a36341604c31213d804c"}
{"documentId":"50|od_______908::77e3d1a073b8b7da22462726f3e28705", "affiliationPosition":5, "organizationId":"20|dedup_wf_001::6b635d7c7984a36341604c31213d804c"}
{"documentId":"50|od_______908::77e3d1a073b8b7da22462726f3e28705", "affiliationPosition":6, "organizationId":"20|dedup_wf_001::6b635d7c7984a36341604c31213d804c"}
{"documentId":"50|od_______908::77e3d1a073b8b7da22462726f3e28705", "affiliationPosition":7, "organizationId":"20|corda_______::6d0521daee99515d9145ebaa39404f69"}
{"documentId":"50|od_______908::77e3d1a073b8b7da22462726f3e28705", "affiliationPosition":8, "organizationId":"20|dedup_wf_001::6b635d7c7984a36341604c31213d804c"}
{"documentId":"50|od_______908::77e3d1a073b8b7da22462726f3e28705", "affiliationPosition":9, "organizationId":"20|dedup_wf_001::6b635d7c7984a36341604c31213d804c"}
{"documentId":"50|od_______908::77e3d1a073b8b7da22462726f3e28705", "affiliationPosition":14, "organizationId":"20|dedup_wf_001::2ff2c9f1112a3c4f6f99927457bcbd07"}
{"documentId":"50|od_______908::77e3ab1ae868f9202ed02031a91e95f2", "affiliationPosition":1, "organizationId":"20|dedup_wf_001::4509b22e7d9e325333806f2f593c0802"}
{"documentId":"50|od_______908::77e3ab1ae868f9202ed02031a91e95f2", "affiliationPosition":3, "organizationId":"20|corda_______::bb596d295ef53250c6c3dc8cfe3d6490"}
{"documentId":"50|od_______908::77e3ab1ae868f9202ed02031a91e95f2", "affiliationPosition":4, "organizationId":"20|dedup_wf_001::95d74eefcd9550ac7ce005ff8f940e57"}
{"documentId":"50|od_______908::77e3ac53448c3c6d5e0a1c09c367e4e5", "affiliationPosition":2, "organizationId":"20|dedup_wf_001::ba09ecaee170d029bc9ffcd9f5063f4f"}
{"documentId":"50|od_______908::77e40aeb28a43d89142b1404ca2eff97", "affiliationPosition":1, "organizationId":"20|dedup_wf_001::acbc50573cff220051f1aeb0b00aedf4"}
{"documentId":"50|od_______908::77e4444d67049846178ed5a16a3ad66a", "affiliationPosition":3, "organizationId":"20|re3data_____::61f76a0ab94c195bf0975b81a54f3ebb"}
{"documentId":"50|od_______908::77e44f1b7b88569f3c046170dff25406", "affiliationPosition":2, "organizationId":"20|corda_______::29011ac2c8e050ec7e72653060605e4c"}
{"documentId":"50|od_______908::77e4c7d26d4b9d19f0fb7edcbf1e0d2c", "affiliationPosition":1, "organizationId":"20|nsf_________::1b276a01908a7b2983181a392e5c26b6"}
{"documentId":"50|od_______908::77e4e748699632cf96649b1c852e3cc0", "affiliationPosition":1, "organizationId":"20|re3data_____::7b4a386977dd467af8b5bcaef3c7a082"}
{"documentId":"50|od_______908::77e4e748699632cf96649b1c852e3cc0", "affiliationPosition":2, "organizationId":"20|corda_______::8645ce28cd5c430c97764f80829c9efd"}
{"documentId":"50|od_______908::77e4ff0ae0a493b0a64acbdead7dc5d8", "affiliationPosition":1, "organizationId":"20|corda_______::fe6aa2b1a97924a7f56ff10e6a16ee9b"}
{"documentId":"50|od_______908::77e4ff0ae0a493b0a64acbdead7dc5d8", "affiliationPosition":2, "organizationId":"20|corda_______::fe6aa2b1a97924a7f56ff10e6a16ee9b"}
{"documentId":"50|od_______908::77e4ff0ae0a493b0a64acbdead7dc5d8", "affiliationPosition":3, "organizationId":"20|corda_______::fe6aa2b1a97924a7f56ff10e6a16ee9b"}
{"documentId":"50|od_______908::77e4ff0ae0a493b0a64acbdead7dc5d8", "affiliationPosition":4, "organizationId":"20|corda_______::fe6aa2b1a97924a7f56ff10e6a16ee9b"}
{"documentId":"50|od_______908::77e4ff0ae0a493b0a64acbdead7dc5d8", "affiliationPosition":5, "organizationId":"20|corda_______::fe6aa2b1a97924a7f56ff10e6a16ee9b"}
{"documentId":"50|od_______908::77e4ff0ae0a493b0a64acbdead7dc5d8", "affiliationPosition":6, "organizationId":"20|corda_______::fe6aa2b1a97924a7f56ff10e6a16ee9b"}
{"documentId":"50|od_______908::77e4ff0ae0a493b0a64acbdead7dc5d8", "affiliationPosition":8, "organizationId":"20|corda_______::fe6aa2b1a97924a7f56ff10e6a16ee9b"}
{"documentId":"50|od_______908::77e52f5d2ecf1ad4e1fcd5d2ab6b79c2", "affiliationPosition":1, "organizationId":"20|dedup_wf_001::4561b5e081c447170a2ce29151b096aa"}
